[2018-05-02T23:52:55.115+0800][gc,heap] Heap region size: 1M
[2018-05-02T23:52:55.128+0800][gc     ] Using G1
[2018-05-02T23:52:55.128+0800][gc,heap,coops] Heap address: 0x0000000780000000, size: 1024 MB, Compressed Oops mode: Zero based, Oop shift amount: 3
[2018-05-02T23:52:56.254+0800][gc,start     ] GC(0) Pause Initial Mark (Metadata GC Threshold)
[2018-05-02T23:52:56.254+0800][gc,task      ] GC(0) Using 8 workers of 8 for evacuation
[2018-05-02T23:52:56.264+0800][gc,phases    ] GC(0)   Pre Evacuate Collection Set: 0.0ms
[2018-05-02T23:52:56.264+0800][gc,phases    ] GC(0)   Evacuate Collection Set: 6.2ms
[2018-05-02T23:52:56.264+0800][gc,phases    ] GC(0)   Post Evacuate Collection Set: 4.1ms
[2018-05-02T23:52:56.265+0800][gc,phases    ] GC(0)   Other: 0.2ms
[2018-05-02T23:52:56.265+0800][gc,heap      ] GC(0) Eden regions: 50->0(44)
[2018-05-02T23:52:56.265+0800][gc,heap      ] GC(0) Survivor regions: 0->7(7)
[2018-05-02T23:52:56.265+0800][gc,heap      ] GC(0) Old regions: 0->4
[2018-05-02T23:52:56.265+0800][gc,heap      ] GC(0) Humongous regions: 0->0
[2018-05-02T23:52:56.265+0800][gc,metaspace ] GC(0) Metaspace: 20393K->20393K(1069056K)
[2018-05-02T23:52:56.265+0800][gc           ] GC(0) Pause Initial Mark (Metadata GC Threshold) 49M->10M(1024M) 10.659ms
[2018-05-02T23:52:56.265+0800][gc,cpu       ] GC(0) User=0.05s Sys=0.00s Real=0.01s
[2018-05-02T23:52:56.265+0800][gc           ] GC(1) Concurrent Cycle
[2018-05-02T23:52:56.265+0800][gc,marking   ] GC(1) Concurrent Clear Claimed Marks
[2018-05-02T23:52:56.265+0800][gc,marking   ] GC(1) Concurrent Clear Claimed Marks 0.036ms
[2018-05-02T23:52:56.265+0800][gc,marking   ] GC(1) Concurrent Scan Root Regions
[2018-05-02T23:52:56.267+0800][gc,marking   ] GC(1) Concurrent Scan Root Regions 2.225ms
[2018-05-02T23:52:56.267+0800][gc,marking   ] GC(1) Concurrent Mark (1.163s)
[2018-05-02T23:52:56.267+0800][gc,marking   ] GC(1) Concurrent Mark From Roots
[2018-05-02T23:52:56.267+0800][gc,task      ] GC(1) Using 2 workers of 2 for marking
[2018-05-02T23:52:56.267+0800][gc,marking   ] GC(1) Concurrent Mark From Roots 0.293ms
[2018-05-02T23:52:56.267+0800][gc,marking   ] GC(1) Concurrent Mark (1.163s, 1.163s) 0.339ms
[2018-05-02T23:52:56.267+0800][gc,start     ] GC(1) Pause Remark
[2018-05-02T23:52:56.269+0800][gc,stringtable] GC(1) Cleaned string and symbol table, strings: 8195 processed, 0 removed, symbols: 65922 processed, 40 removed
[2018-05-02T23:52:56.269+0800][gc            ] GC(1) Pause Remark 11M->11M(1024M) 1.867ms
[2018-05-02T23:52:56.269+0800][gc,cpu        ] GC(1) User=0.02s Sys=0.00s Real=0.00s
[2018-05-02T23:52:56.269+0800][gc,marking    ] GC(1) Concurrent Create Live Data
[2018-05-02T23:52:56.270+0800][gc,marking    ] GC(1) Concurrent Create Live Data 0.176ms
[2018-05-02T23:52:56.270+0800][gc,start      ] GC(1) Pause Cleanup
[2018-05-02T23:52:56.270+0800][gc            ] GC(1) Pause Cleanup 11M->11M(1024M) 0.408ms
[2018-05-02T23:52:56.270+0800][gc,cpu        ] GC(1) User=0.00s Sys=0.00s Real=0.00s
[2018-05-02T23:52:56.270+0800][gc,marking    ] GC(1) Concurrent Cleanup for Next Mark
[2018-05-02T23:52:56.275+0800][gc,marking    ] GC(1) Concurrent Cleanup for Next Mark 5.173ms
[2018-05-02T23:52:56.275+0800][gc            ] GC(1) Concurrent Cycle 10.704ms
[2018-05-02T23:52:57.108+0800][gc,start      ] GC(2) Pause Young (G1 Evacuation Pause)
[2018-05-02T23:52:57.108+0800][gc,task       ] GC(2) Using 8 workers of 8 for evacuation
[2018-05-02T23:52:57.120+0800][gc,phases     ] GC(2)   Pre Evacuate Collection Set: 0.0ms
[2018-05-02T23:52:57.121+0800][gc,phases     ] GC(2)   Evacuate Collection Set: 8.1ms
[2018-05-02T23:52:57.121+0800][gc,phases     ] GC(2)   Post Evacuate Collection Set: 3.9ms
[2018-05-02T23:52:57.121+0800][gc,phases     ] GC(2)   Other: 0.2ms
[2018-05-02T23:52:57.121+0800][gc,heap       ] GC(2) Eden regions: 44->0(44)
[2018-05-02T23:52:57.121+0800][gc,heap       ] GC(2) Survivor regions: 7->7(7)
[2018-05-02T23:52:57.121+0800][gc,heap       ] GC(2) Old regions: 4->12
[2018-05-02T23:52:57.121+0800][gc,heap       ] GC(2) Humongous regions: 129->129
[2018-05-02T23:52:57.121+0800][gc,metaspace  ] GC(2) Metaspace: 27921K->27921K(1075200K)
[2018-05-02T23:52:57.121+0800][gc            ] GC(2) Pause Young (G1 Evacuation Pause) 183M->147M(1024M) 12.384ms
[2018-05-02T23:52:57.121+0800][gc,cpu        ] GC(2) User=0.06s Sys=0.01s Real=0.02s
[2018-05-02T23:52:57.503+0800][gc,start      ] GC(3) Pause Initial Mark (Metadata GC Threshold)
[2018-05-02T23:52:57.504+0800][gc,task       ] GC(3) Using 8 workers of 8 for evacuation
[2018-05-02T23:52:57.508+0800][gc,phases     ] GC(3)   Pre Evacuate Collection Set: 0.0ms
[2018-05-02T23:52:57.509+0800][gc,phases     ] GC(3)   Evacuate Collection Set: 3.9ms
[2018-05-02T23:52:57.509+0800][gc,phases     ] GC(3)   Post Evacuate Collection Set: 1.0ms
[2018-05-02T23:52:57.509+0800][gc,phases     ] GC(3)   Other: 0.2ms
[2018-05-02T23:52:57.509+0800][gc,heap       ] GC(3) Eden regions: 34->0(46)
[2018-05-02T23:52:57.509+0800][gc,heap       ] GC(3) Survivor regions: 7->5(7)
[2018-05-02T23:52:57.509+0800][gc,heap       ] GC(3) Old regions: 12->14
[2018-05-02T23:52:57.509+0800][gc,heap       ] GC(3) Humongous regions: 129->129
[2018-05-02T23:52:57.509+0800][gc,metaspace  ] GC(3) Metaspace: 33607K->33607K(1081344K)
[2018-05-02T23:52:57.509+0800][gc            ] GC(3) Pause Initial Mark (Metadata GC Threshold) 180M->147M(1024M) 5.133ms
[2018-05-02T23:52:57.509+0800][gc,cpu        ] GC(3) User=0.03s Sys=0.01s Real=0.00s
[2018-05-02T23:52:57.509+0800][gc            ] GC(4) Concurrent Cycle
[2018-05-02T23:52:57.509+0800][gc,marking    ] GC(4) Concurrent Clear Claimed Marks
[2018-05-02T23:52:57.509+0800][gc,marking    ] GC(4) Concurrent Clear Claimed Marks 0.059ms
[2018-05-02T23:52:57.509+0800][gc,marking    ] GC(4) Concurrent Scan Root Regions
[2018-05-02T23:52:57.511+0800][gc,marking    ] GC(4) Concurrent Scan Root Regions 1.927ms
[2018-05-02T23:52:57.511+0800][gc,marking    ] GC(4) Concurrent Mark (2.407s)
[2018-05-02T23:52:57.511+0800][gc,marking    ] GC(4) Concurrent Mark From Roots
[2018-05-02T23:52:57.511+0800][gc,task       ] GC(4) Using 2 workers of 2 for marking
[2018-05-02T23:52:57.519+0800][gc,marking    ] GC(4) Concurrent Mark From Roots 8.108ms
[2018-05-02T23:52:57.524+0800][gc,marking    ] GC(4) Concurrent Mark (2.407s, 2.420s) 13.507ms
[2018-05-02T23:52:57.524+0800][gc,start      ] GC(4) Pause Remark
[2018-05-02T23:52:57.528+0800][gc,stringtable] GC(4) Cleaned string and symbol table, strings: 13484 processed, 20 removed, symbols: 99796 processed, 23 removed
[2018-05-02T23:52:57.528+0800][gc            ] GC(4) Pause Remark 149M->149M(1024M) 3.842ms
[2018-05-02T23:52:57.528+0800][gc,cpu        ] GC(4) User=0.03s Sys=0.00s Real=0.00s
[2018-05-02T23:52:57.528+0800][gc,marking    ] GC(4) Concurrent Create Live Data
[2018-05-02T23:52:57.530+0800][gc,marking    ] GC(4) Concurrent Create Live Data 1.884ms
[2018-05-02T23:52:57.530+0800][gc,start      ] GC(4) Pause Cleanup
[2018-05-02T23:52:57.531+0800][gc            ] GC(4) Pause Cleanup 149M->146M(1024M) 0.461ms
[2018-05-02T23:52:57.531+0800][gc,cpu        ] GC(4) User=0.00s Sys=0.00s Real=0.00s
[2018-05-02T23:52:57.531+0800][gc,marking    ] GC(4) Concurrent Complete Cleanup
[2018-05-02T23:52:57.531+0800][gc,marking    ] GC(4) Concurrent Complete Cleanup 0.020ms
[2018-05-02T23:52:57.531+0800][gc,marking    ] GC(4) Concurrent Cleanup for Next Mark
[2018-05-02T23:52:57.538+0800][gc,marking    ] GC(4) Concurrent Cleanup for Next Mark 6.489ms
[2018-05-02T23:52:57.538+0800][gc            ] GC(4) Concurrent Cycle 28.868ms
[2018-05-02T23:54:25.476+0800][gc,start      ] GC(5) Pause Young (G1 Evacuation Pause)
[2018-05-02T23:54:25.476+0800][gc,task       ] GC(5) Using 8 workers of 8 for evacuation
[2018-05-02T23:54:25.482+0800][gc,phases     ] GC(5)   Pre Evacuate Collection Set: 0.0ms
[2018-05-02T23:54:25.482+0800][gc,phases     ] GC(5)   Evacuate Collection Set: 4.2ms
[2018-05-02T23:54:25.482+0800][gc,phases     ] GC(5)   Post Evacuate Collection Set: 1.1ms
[2018-05-02T23:54:25.482+0800][gc,phases     ] GC(5)   Other: 0.2ms
[2018-05-02T23:54:25.482+0800][gc,heap       ] GC(5) Eden regions: 46->0(47)
[2018-05-02T23:54:25.482+0800][gc,heap       ] GC(5) Survivor regions: 5->4(7)
[2018-05-02T23:54:25.482+0800][gc,heap       ] GC(5) Old regions: 11->13
[2018-05-02T23:54:25.482+0800][gc,heap       ] GC(5) Humongous regions: 129->129
[2018-05-02T23:54:25.482+0800][gc,metaspace  ] GC(5) Metaspace: 37554K->37554K(1085440K)
[2018-05-02T23:54:25.482+0800][gc            ] GC(5) Pause Young (G1 Evacuation Pause) 190M->144M(1024M) 5.781ms
[2018-05-02T23:54:25.482+0800][gc,cpu        ] GC(5) User=0.03s Sys=0.00s Real=0.01s
[2018-05-02T23:54:29.686+0800][gc,start      ] GC(6) Pause Young (G1 Evacuation Pause)
[2018-05-02T23:54:29.686+0800][gc,task       ] GC(6) Using 8 workers of 8 for evacuation
[2018-05-02T23:54:29.689+0800][gc,phases     ] GC(6)   Pre Evacuate Collection Set: 0.0ms
[2018-05-02T23:54:29.689+0800][gc,phases     ] GC(6)   Evacuate Collection Set: 2.8ms
[2018-05-02T23:54:29.689+0800][gc,phases     ] GC(6)   Post Evacuate Collection Set: 0.4ms
[2018-05-02T23:54:29.689+0800][gc,phases     ] GC(6)   Other: 0.2ms
[2018-05-02T23:54:29.689+0800][gc,heap       ] GC(6) Eden regions: 47->0(48)
[2018-05-02T23:54:29.689+0800][gc,heap       ] GC(6) Survivor regions: 4->3(7)
[2018-05-02T23:54:29.689+0800][gc,heap       ] GC(6) Old regions: 13->13
[2018-05-02T23:54:29.689+0800][gc,heap       ] GC(6) Humongous regions: 129->129
[2018-05-02T23:54:29.689+0800][gc,metaspace  ] GC(6) Metaspace: 38226K->38226K(1085440K)
[2018-05-02T23:54:29.689+0800][gc            ] GC(6) Pause Young (G1 Evacuation Pause) 191M->144M(1024M) 3.690ms
[2018-05-02T23:54:29.689+0800][gc,cpu        ] GC(6) User=0.02s Sys=0.00s Real=0.00s
[2018-05-02T23:54:35.026+0800][gc,start      ] GC(7) Pause Young (G1 Evacuation Pause)
[2018-05-02T23:54:35.026+0800][gc,task       ] GC(7) Using 8 workers of 8 for evacuation
[2018-05-02T23:54:35.030+0800][gc,phases     ] GC(7)   Pre Evacuate Collection Set: 0.0ms
[2018-05-02T23:54:35.030+0800][gc,phases     ] GC(7)   Evacuate Collection Set: 3.2ms
[2018-05-02T23:54:35.030+0800][gc,phases     ] GC(7)   Post Evacuate Collection Set: 0.5ms
[2018-05-02T23:54:35.030+0800][gc,phases     ] GC(7)   Other: 0.2ms
[2018-05-02T23:54:35.030+0800][gc,heap       ] GC(7) Eden regions: 48->0(48)
[2018-05-02T23:54:35.030+0800][gc,heap       ] GC(7) Survivor regions: 3->3(7)
[2018-05-02T23:54:35.030+0800][gc,heap       ] GC(7) Old regions: 13->13
[2018-05-02T23:54:35.030+0800][gc,heap       ] GC(7) Humongous regions: 129->129
[2018-05-02T23:54:35.030+0800][gc,metaspace  ] GC(7) Metaspace: 38227K->38227K(1085440K)
[2018-05-02T23:54:35.030+0800][gc            ] GC(7) Pause Young (G1 Evacuation Pause) 192M->144M(1024M) 4.125ms
[2018-05-02T23:54:35.030+0800][gc,cpu        ] GC(7) User=0.02s Sys=0.00s Real=0.01s
[2018-05-03T00:01:34.235+0800][gc,start      ] GC(8) Pause Young (G1 Evacuation Pause)
[2018-05-03T00:01:34.235+0800][gc,task       ] GC(8) Using 8 workers of 8 for evacuation
[2018-05-03T00:01:34.239+0800][gc,phases     ] GC(8)   Pre Evacuate Collection Set: 0.0ms
[2018-05-03T00:01:34.239+0800][gc,phases     ] GC(8)   Evacuate Collection Set: 2.9ms
[2018-05-03T00:01:34.239+0800][gc,phases     ] GC(8)   Post Evacuate Collection Set: 0.4ms
[2018-05-03T00:01:34.239+0800][gc,phases     ] GC(8)   Other: 0.3ms
[2018-05-03T00:01:34.239+0800][gc,heap       ] GC(8) Eden regions: 48->0(48)
[2018-05-03T00:01:34.239+0800][gc,heap       ] GC(8) Survivor regions: 3->3(7)
[2018-05-03T00:01:34.239+0800][gc,heap       ] GC(8) Old regions: 13->13
[2018-05-03T00:01:34.239+0800][gc,heap       ] GC(8) Humongous regions: 129->129
[2018-05-03T00:01:34.239+0800][gc,metaspace  ] GC(8) Metaspace: 38398K->38398K(1085440K)
[2018-05-03T00:01:34.239+0800][gc            ] GC(8) Pause Young (G1 Evacuation Pause) 192M->144M(1024M) 3.737ms
[2018-05-03T00:01:34.239+0800][gc,cpu        ] GC(8) User=0.02s Sys=0.00s Real=0.00s
[2018-05-03T00:16:51.887+0800][gc,start      ] GC(9) Pause Young (G1 Evacuation Pause)
[2018-05-03T00:16:51.888+0800][gc,task       ] GC(9) Using 8 workers of 8 for evacuation
[2018-05-03T00:16:51.895+0800][gc,phases     ] GC(9)   Pre Evacuate Collection Set: 0.1ms
[2018-05-03T00:16:51.895+0800][gc,phases     ] GC(9)   Evacuate Collection Set: 5.6ms
[2018-05-03T00:16:51.895+0800][gc,phases     ] GC(9)   Post Evacuate Collection Set: 1.2ms
[2018-05-03T00:16:51.895+0800][gc,phases     ] GC(9)   Other: 0.4ms
[2018-05-03T00:16:51.895+0800][gc,heap       ] GC(9) Eden regions: 48->0(54)
[2018-05-03T00:16:51.895+0800][gc,heap       ] GC(9) Survivor regions: 3->4(7)
[2018-05-03T00:16:51.895+0800][gc,heap       ] GC(9) Old regions: 13->13
[2018-05-03T00:16:51.895+0800][gc,heap       ] GC(9) Humongous regions: 129->129
[2018-05-03T00:16:51.895+0800][gc,metaspace  ] GC(9) Metaspace: 39196K->39196K(1087488K)
[2018-05-03T00:16:51.895+0800][gc            ] GC(9) Pause Young (G1 Evacuation Pause) 192M->144M(1024M) 7.634ms
[2018-05-03T00:16:51.895+0800][gc,cpu        ] GC(9) User=0.02s Sys=0.00s Real=0.01s
[2018-05-03T00:30:28.479+0800][gc,start      ] GC(10) Pause Young (G1 Evacuation Pause)
[2018-05-03T00:30:28.481+0800][gc,task       ] GC(10) Using 8 workers of 8 for evacuation
[2018-05-03T00:30:28.487+0800][gc,phases     ] GC(10)   Pre Evacuate Collection Set: 0.0ms
[2018-05-03T00:30:28.487+0800][gc,phases     ] GC(10)   Evacuate Collection Set: 5.5ms
[2018-05-03T00:30:28.488+0800][gc,phases     ] GC(10)   Post Evacuate Collection Set: 0.7ms
[2018-05-03T00:30:28.488+0800][gc,phases     ] GC(10)   Other: 2.3ms
[2018-05-03T00:30:28.488+0800][gc,heap       ] GC(10) Eden regions: 54->0(506)
[2018-05-03T00:30:28.488+0800][gc,heap       ] GC(10) Survivor regions: 4->4(8)
[2018-05-03T00:30:28.488+0800][gc,heap       ] GC(10) Old regions: 13->13
[2018-05-03T00:30:28.488+0800][gc,heap       ] GC(10) Humongous regions: 129->129
[2018-05-03T00:30:28.488+0800][gc,metaspace  ] GC(10) Metaspace: 39755K->39755K(1087488K)
[2018-05-03T00:30:28.488+0800][gc            ] GC(10) Pause Young (G1 Evacuation Pause) 198M->144M(1024M) 8.819ms
[2018-05-03T00:30:28.488+0800][gc,cpu        ] GC(10) User=0.04s Sys=0.01s Real=0.01s
