[2018-05-02T23:32:28.412+0800][gc,heap] Heap region size: 1M
[2018-05-02T23:32:28.425+0800][gc     ] Using G1
[2018-05-02T23:32:28.425+0800][gc,heap,coops] Heap address: 0x0000000780000000, size: 1024 MB, Compressed Oops mode: Zero based, Oop shift amount: 3
[2018-05-02T23:32:29.620+0800][gc,start     ] GC(0) Pause Initial Mark (Metadata GC Threshold)
[2018-05-02T23:32:29.620+0800][gc,task      ] GC(0) Using 8 workers of 8 for evacuation
[2018-05-02T23:32:29.632+0800][gc,phases    ] GC(0)   Pre Evacuate Collection Set: 0.0ms
[2018-05-02T23:32:29.632+0800][gc,phases    ] GC(0)   Evacuate Collection Set: 6.8ms
[2018-05-02T23:32:29.632+0800][gc,phases    ] GC(0)   Post Evacuate Collection Set: 4.6ms
[2018-05-02T23:32:29.632+0800][gc,phases    ] GC(0)   Other: 0.2ms
[2018-05-02T23:32:29.632+0800][gc,heap      ] GC(0) Eden regions: 50->0(44)
[2018-05-02T23:32:29.632+0800][gc,heap      ] GC(0) Survivor regions: 0->7(7)
[2018-05-02T23:32:29.632+0800][gc,heap      ] GC(0) Old regions: 0->4
[2018-05-02T23:32:29.632+0800][gc,heap      ] GC(0) Humongous regions: 0->0
[2018-05-02T23:32:29.632+0800][gc,metaspace ] GC(0) Metaspace: 20401K->20401K(1069056K)
[2018-05-02T23:32:29.632+0800][gc           ] GC(0) Pause Initial Mark (Metadata GC Threshold) 49M->10M(1024M) 11.719ms
[2018-05-02T23:32:29.632+0800][gc,cpu       ] GC(0) User=0.04s Sys=0.01s Real=0.01s
[2018-05-02T23:32:29.632+0800][gc           ] GC(1) Concurrent Cycle
[2018-05-02T23:32:29.632+0800][gc,marking   ] GC(1) Concurrent Clear Claimed Marks
[2018-05-02T23:32:29.632+0800][gc,marking   ] GC(1) Concurrent Clear Claimed Marks 0.041ms
[2018-05-02T23:32:29.632+0800][gc,marking   ] GC(1) Concurrent Scan Root Regions
[2018-05-02T23:32:29.634+0800][gc,marking   ] GC(1) Concurrent Scan Root Regions 2.091ms
[2018-05-02T23:32:29.634+0800][gc,marking   ] GC(1) Concurrent Mark (1.233s)
[2018-05-02T23:32:29.634+0800][gc,marking   ] GC(1) Concurrent Mark From Roots
[2018-05-02T23:32:29.634+0800][gc,task      ] GC(1) Using 2 workers of 2 for marking
[2018-05-02T23:32:29.635+0800][gc,marking   ] GC(1) Concurrent Mark From Roots 0.411ms
[2018-05-02T23:32:29.635+0800][gc,marking   ] GC(1) Concurrent Mark (1.233s, 1.234s) 0.462ms
[2018-05-02T23:32:29.635+0800][gc,start     ] GC(1) Pause Remark
[2018-05-02T23:32:29.637+0800][gc,stringtable] GC(1) Cleaned string and symbol table, strings: 8196 processed, 0 removed, symbols: 65904 processed, 40 removed
[2018-05-02T23:32:29.637+0800][gc            ] GC(1) Pause Remark 11M->11M(1024M) 2.343ms
[2018-05-02T23:32:29.637+0800][gc,cpu        ] GC(1) User=0.02s Sys=0.00s Real=0.00s
[2018-05-02T23:32:29.637+0800][gc,marking    ] GC(1) Concurrent Create Live Data
[2018-05-02T23:32:29.638+0800][gc,marking    ] GC(1) Concurrent Create Live Data 0.189ms
[2018-05-02T23:32:29.638+0800][gc,start      ] GC(1) Pause Cleanup
[2018-05-02T23:32:29.638+0800][gc            ] GC(1) Pause Cleanup 11M->11M(1024M) 0.459ms
[2018-05-02T23:32:29.638+0800][gc,cpu        ] GC(1) User=0.00s Sys=0.00s Real=0.00s
[2018-05-02T23:32:29.638+0800][gc,marking    ] GC(1) Concurrent Cleanup for Next Mark
[2018-05-02T23:32:29.645+0800][gc,marking    ] GC(1) Concurrent Cleanup for Next Mark 6.502ms
[2018-05-02T23:32:29.645+0800][gc            ] GC(1) Concurrent Cycle 12.628ms
[2018-05-02T23:32:30.774+0800][gc,start      ] GC(2) Pause Young (G1 Evacuation Pause)
[2018-05-02T23:32:30.774+0800][gc,task       ] GC(2) Using 8 workers of 8 for evacuation
[2018-05-02T23:32:30.786+0800][gc,phases     ] GC(2)   Pre Evacuate Collection Set: 0.0ms
[2018-05-02T23:32:30.786+0800][gc,phases     ] GC(2)   Evacuate Collection Set: 7.9ms
[2018-05-02T23:32:30.786+0800][gc,phases     ] GC(2)   Post Evacuate Collection Set: 3.8ms
[2018-05-02T23:32:30.786+0800][gc,phases     ] GC(2)   Other: 0.2ms
[2018-05-02T23:32:30.786+0800][gc,heap       ] GC(2) Eden regions: 44->0(44)
[2018-05-02T23:32:30.786+0800][gc,heap       ] GC(2) Survivor regions: 7->7(7)
[2018-05-02T23:32:30.786+0800][gc,heap       ] GC(2) Old regions: 4->12
[2018-05-02T23:32:30.786+0800][gc,heap       ] GC(2) Humongous regions: 129->129
[2018-05-02T23:32:30.786+0800][gc,metaspace  ] GC(2) Metaspace: 27846K->27846K(1075200K)
[2018-05-02T23:32:30.786+0800][gc            ] GC(2) Pause Young (G1 Evacuation Pause) 183M->147M(1024M) 12.053ms
[2018-05-02T23:32:30.786+0800][gc,cpu        ] GC(2) User=0.06s Sys=0.00s Real=0.01s
[2018-05-02T23:33:56.073+0800][gc,start      ] GC(3) Pause Initial Mark (Metadata GC Threshold)
[2018-05-02T23:33:56.073+0800][gc,task       ] GC(3) Using 8 workers of 8 for evacuation
[2018-05-02T23:33:56.078+0800][gc,phases     ] GC(3)   Pre Evacuate Collection Set: 0.0ms
[2018-05-02T23:33:56.078+0800][gc,phases     ] GC(3)   Evacuate Collection Set: 3.9ms
[2018-05-02T23:33:56.078+0800][gc,phases     ] GC(3)   Post Evacuate Collection Set: 0.9ms
[2018-05-02T23:33:56.078+0800][gc,phases     ] GC(3)   Other: 0.4ms
[2018-05-02T23:33:56.078+0800][gc,heap       ] GC(3) Eden regions: 31->0(46)
[2018-05-02T23:33:56.078+0800][gc,heap       ] GC(3) Survivor regions: 7->5(7)
[2018-05-02T23:33:56.078+0800][gc,heap       ] GC(3) Old regions: 12->15
[2018-05-02T23:33:56.078+0800][gc,heap       ] GC(3) Humongous regions: 129->129
[2018-05-02T23:33:56.078+0800][gc,metaspace  ] GC(3) Metaspace: 33716K->33716K(1081344K)
[2018-05-02T23:33:56.078+0800][gc            ] GC(3) Pause Initial Mark (Metadata GC Threshold) 178M->147M(1024M) 5.286ms
[2018-05-02T23:33:56.078+0800][gc,cpu        ] GC(3) User=0.03s Sys=0.00s Real=0.00s
[2018-05-02T23:33:56.078+0800][gc            ] GC(4) Concurrent Cycle
[2018-05-02T23:33:56.078+0800][gc,marking    ] GC(4) Concurrent Clear Claimed Marks
[2018-05-02T23:33:56.078+0800][gc,marking    ] GC(4) Concurrent Clear Claimed Marks 0.058ms
[2018-05-02T23:33:56.078+0800][gc,marking    ] GC(4) Concurrent Scan Root Regions
[2018-05-02T23:33:56.079+0800][gc,marking    ] GC(4) Concurrent Scan Root Regions 1.110ms
[2018-05-02T23:33:56.079+0800][gc,marking    ] GC(4) Concurrent Mark (87.681s)
[2018-05-02T23:33:56.079+0800][gc,marking    ] GC(4) Concurrent Mark From Roots
[2018-05-02T23:33:56.079+0800][gc,task       ] GC(4) Using 2 workers of 2 for marking
[2018-05-02T23:33:56.086+0800][gc,marking    ] GC(4) Concurrent Mark From Roots 6.800ms
[2018-05-02T23:33:56.097+0800][gc,marking    ] GC(4) Concurrent Mark (87.681s, 87.699s) 17.916ms
[2018-05-02T23:33:56.097+0800][gc,start      ] GC(4) Pause Remark
[2018-05-02T23:33:56.101+0800][gc,stringtable] GC(4) Cleaned string and symbol table, strings: 13291 processed, 19 removed, symbols: 99929 processed, 23 removed
[2018-05-02T23:33:56.101+0800][gc            ] GC(4) Pause Remark 148M->148M(1024M) 3.737ms
[2018-05-02T23:33:56.101+0800][gc,cpu        ] GC(4) User=0.02s Sys=0.00s Real=0.01s
[2018-05-02T23:33:56.101+0800][gc,marking    ] GC(4) Concurrent Create Live Data
[2018-05-02T23:33:56.104+0800][gc,marking    ] GC(4) Concurrent Create Live Data 2.289ms
[2018-05-02T23:33:56.104+0800][gc,start      ] GC(4) Pause Cleanup
[2018-05-02T23:33:56.104+0800][gc            ] GC(4) Pause Cleanup 148M->145M(1024M) 0.625ms
[2018-05-02T23:33:56.117+0800][gc,cpu        ] GC(4) User=0.01s Sys=0.00s Real=0.01s
[2018-05-02T23:33:56.117+0800][gc,marking    ] GC(4) Concurrent Complete Cleanup
[2018-05-02T23:33:56.117+0800][gc,marking    ] GC(4) Concurrent Complete Cleanup 0.048ms
[2018-05-02T23:33:56.117+0800][gc,marking    ] GC(4) Concurrent Cleanup for Next Mark
[2018-05-02T23:33:56.127+0800][gc,marking    ] GC(4) Concurrent Cleanup for Next Mark 10.356ms
[2018-05-02T23:33:56.127+0800][gc            ] GC(4) Concurrent Cycle 49.270ms
[2018-05-02T23:40:40.333+0800][gc,start      ] GC(5) Pause Young (G1 Evacuation Pause)
[2018-05-02T23:40:40.333+0800][gc,task       ] GC(5) Using 8 workers of 8 for evacuation
[2018-05-02T23:40:40.337+0800][gc,phases     ] GC(5)   Pre Evacuate Collection Set: 0.0ms
[2018-05-02T23:40:40.337+0800][gc,phases     ] GC(5)   Evacuate Collection Set: 3.4ms
[2018-05-02T23:40:40.337+0800][gc,phases     ] GC(5)   Post Evacuate Collection Set: 0.7ms
[2018-05-02T23:40:40.337+0800][gc,phases     ] GC(5)   Other: 0.3ms
[2018-05-02T23:40:40.337+0800][gc,heap       ] GC(5) Eden regions: 46->0(48)
[2018-05-02T23:40:40.337+0800][gc,heap       ] GC(5) Survivor regions: 5->3(7)
[2018-05-02T23:40:40.338+0800][gc,heap       ] GC(5) Old regions: 12->13
[2018-05-02T23:40:40.338+0800][gc,heap       ] GC(5) Humongous regions: 129->129
[2018-05-02T23:40:40.338+0800][gc,metaspace  ] GC(5) Metaspace: 36907K->36907K(1085440K)
[2018-05-02T23:40:40.338+0800][gc            ] GC(5) Pause Young (G1 Evacuation Pause) 190M->144M(1024M) 4.532ms
[2018-05-02T23:40:40.338+0800][gc,cpu        ] GC(5) User=0.03s Sys=0.00s Real=0.00s
[2018-05-02T23:47:31.364+0800][gc,start      ] GC(6) Pause Young (G1 Evacuation Pause)
[2018-05-02T23:47:31.367+0800][gc,task       ] GC(6) Using 8 workers of 8 for evacuation
[2018-05-02T23:47:31.373+0800][gc,phases     ] GC(6)   Pre Evacuate Collection Set: 0.0ms
[2018-05-02T23:47:31.373+0800][gc,phases     ] GC(6)   Evacuate Collection Set: 5.0ms
[2018-05-02T23:47:31.373+0800][gc,phases     ] GC(6)   Post Evacuate Collection Set: 0.6ms
[2018-05-02T23:47:31.373+0800][gc,phases     ] GC(6)   Other: 3.0ms
[2018-05-02T23:47:31.373+0800][gc,heap       ] GC(6) Eden regions: 48->0(47)
[2018-05-02T23:47:31.373+0800][gc,heap       ] GC(6) Survivor regions: 3->4(7)
[2018-05-02T23:47:31.373+0800][gc,heap       ] GC(6) Old regions: 13->13
[2018-05-02T23:47:31.373+0800][gc,heap       ] GC(6) Humongous regions: 129->129
[2018-05-02T23:47:31.373+0800][gc,metaspace  ] GC(6) Metaspace: 39007K->39007K(1087488K)
[2018-05-02T23:47:31.373+0800][gc            ] GC(6) Pause Young (G1 Evacuation Pause) 192M->145M(1024M) 8.922ms
[2018-05-02T23:47:31.373+0800][gc,cpu        ] GC(6) User=0.04s Sys=0.00s Real=0.01s
