[2018-05-02T23:53:14.677+0800][gc,heap] Heap region size: 1M
[2018-05-02T23:53:14.690+0800][gc     ] Using G1
[2018-05-02T23:53:14.690+0800][gc,heap,coops] Heap address: 0x0000000780000000, size: 1024 MB, Compressed Oops mode: Zero based, Oop shift amount: 3
[2018-05-02T23:53:15.802+0800][gc,start     ] GC(0) Pause Initial Mark (Metadata GC Threshold)
[2018-05-02T23:53:15.802+0800][gc,task      ] GC(0) Using 8 workers of 8 for evacuation
[2018-05-02T23:53:15.814+0800][gc,phases    ] GC(0)   Pre Evacuate Collection Set: 0.0ms
[2018-05-02T23:53:15.814+0800][gc,phases    ] GC(0)   Evacuate Collection Set: 7.4ms
[2018-05-02T23:53:15.814+0800][gc,phases    ] GC(0)   Post Evacuate Collection Set: 4.6ms
[2018-05-02T23:53:15.814+0800][gc,phases    ] GC(0)   Other: 0.2ms
[2018-05-02T23:53:15.814+0800][gc,heap      ] GC(0) Eden regions: 50->0(44)
[2018-05-02T23:53:15.814+0800][gc,heap      ] GC(0) Survivor regions: 0->7(7)
[2018-05-02T23:53:15.814+0800][gc,heap      ] GC(0) Old regions: 0->4
[2018-05-02T23:53:15.814+0800][gc,heap      ] GC(0) Humongous regions: 0->0
[2018-05-02T23:53:15.814+0800][gc,metaspace ] GC(0) Metaspace: 20398K->20398K(1069056K)
[2018-05-02T23:53:15.814+0800][gc           ] GC(0) Pause Initial Mark (Metadata GC Threshold) 49M->10M(1024M) 12.336ms
[2018-05-02T23:53:15.814+0800][gc,cpu       ] GC(0) User=0.04s Sys=0.01s Real=0.01s
[2018-05-02T23:53:15.814+0800][gc           ] GC(1) Concurrent Cycle
[2018-05-02T23:53:15.814+0800][gc,marking   ] GC(1) Concurrent Clear Claimed Marks
[2018-05-02T23:53:15.814+0800][gc,marking   ] GC(1) Concurrent Clear Claimed Marks 0.027ms
[2018-05-02T23:53:15.814+0800][gc,marking   ] GC(1) Concurrent Scan Root Regions
[2018-05-02T23:53:15.816+0800][gc,marking   ] GC(1) Concurrent Scan Root Regions 1.641ms
[2018-05-02T23:53:15.816+0800][gc,marking   ] GC(1) Concurrent Mark (1.150s)
[2018-05-02T23:53:15.816+0800][gc,marking   ] GC(1) Concurrent Mark From Roots
[2018-05-02T23:53:15.816+0800][gc,task      ] GC(1) Using 2 workers of 2 for marking
[2018-05-02T23:53:15.816+0800][gc,marking   ] GC(1) Concurrent Mark From Roots 0.369ms
[2018-05-02T23:53:15.816+0800][gc,marking   ] GC(1) Concurrent Mark (1.150s, 1.151s) 0.416ms
[2018-05-02T23:53:15.817+0800][gc,start     ] GC(1) Pause Remark
[2018-05-02T23:53:15.818+0800][gc,stringtable] GC(1) Cleaned string and symbol table, strings: 8194 processed, 0 removed, symbols: 65922 processed, 40 removed
[2018-05-02T23:53:15.818+0800][gc            ] GC(1) Pause Remark 11M->11M(1024M) 1.883ms
[2018-05-02T23:53:15.818+0800][gc,cpu        ] GC(1) User=0.01s Sys=0.00s Real=0.00s
[2018-05-02T23:53:15.818+0800][gc,marking    ] GC(1) Concurrent Create Live Data
[2018-05-02T23:53:15.819+0800][gc,marking    ] GC(1) Concurrent Create Live Data 0.174ms
[2018-05-02T23:53:15.819+0800][gc,start      ] GC(1) Pause Cleanup
[2018-05-02T23:53:15.819+0800][gc            ] GC(1) Pause Cleanup 11M->11M(1024M) 0.352ms
[2018-05-02T23:53:15.819+0800][gc,cpu        ] GC(1) User=0.00s Sys=0.00s Real=0.00s
[2018-05-02T23:53:15.819+0800][gc,marking    ] GC(1) Concurrent Cleanup for Next Mark
[2018-05-02T23:53:15.825+0800][gc,marking    ] GC(1) Concurrent Cleanup for Next Mark 6.187ms
[2018-05-02T23:53:15.825+0800][gc            ] GC(1) Concurrent Cycle 11.132ms
[2018-05-02T23:53:16.588+0800][gc,start      ] GC(2) Pause Young (G1 Evacuation Pause)
[2018-05-02T23:53:16.588+0800][gc,task       ] GC(2) Using 8 workers of 8 for evacuation
[2018-05-02T23:53:16.600+0800][gc,phases     ] GC(2)   Pre Evacuate Collection Set: 0.0ms
[2018-05-02T23:53:16.600+0800][gc,phases     ] GC(2)   Evacuate Collection Set: 7.9ms
[2018-05-02T23:53:16.600+0800][gc,phases     ] GC(2)   Post Evacuate Collection Set: 3.8ms
[2018-05-02T23:53:16.600+0800][gc,phases     ] GC(2)   Other: 0.1ms
[2018-05-02T23:53:16.600+0800][gc,heap       ] GC(2) Eden regions: 44->0(44)
[2018-05-02T23:53:16.600+0800][gc,heap       ] GC(2) Survivor regions: 7->7(7)
[2018-05-02T23:53:16.600+0800][gc,heap       ] GC(2) Old regions: 4->12
[2018-05-02T23:53:16.600+0800][gc,heap       ] GC(2) Humongous regions: 129->129
[2018-05-02T23:53:16.600+0800][gc,metaspace  ] GC(2) Metaspace: 27908K->27908K(1075200K)
[2018-05-02T23:53:16.600+0800][gc            ] GC(2) Pause Young (G1 Evacuation Pause) 183M->147M(1024M) 11.996ms
[2018-05-02T23:53:16.600+0800][gc,cpu        ] GC(2) User=0.06s Sys=0.01s Real=0.02s
[2018-05-02T23:54:09.931+0800][gc,start      ] GC(3) Pause Initial Mark (Metadata GC Threshold)
[2018-05-02T23:54:09.931+0800][gc,task       ] GC(3) Using 8 workers of 8 for evacuation
[2018-05-02T23:54:09.940+0800][gc,phases     ] GC(3)   Pre Evacuate Collection Set: 0.0ms
[2018-05-02T23:54:09.941+0800][gc,phases     ] GC(3)   Evacuate Collection Set: 7.9ms
[2018-05-02T23:54:09.941+0800][gc,phases     ] GC(3)   Post Evacuate Collection Set: 1.1ms
[2018-05-02T23:54:09.941+0800][gc,phases     ] GC(3)   Other: 0.2ms
[2018-05-02T23:54:09.941+0800][gc,heap       ] GC(3) Eden regions: 32->0(46)
[2018-05-02T23:54:09.941+0800][gc,heap       ] GC(3) Survivor regions: 7->5(7)
[2018-05-02T23:54:09.941+0800][gc,heap       ] GC(3) Old regions: 12->15
[2018-05-02T23:54:09.941+0800][gc,heap       ] GC(3) Humongous regions: 129->129
[2018-05-02T23:54:09.941+0800][gc,metaspace  ] GC(3) Metaspace: 33768K->33768K(1081344K)
[2018-05-02T23:54:09.941+0800][gc            ] GC(3) Pause Initial Mark (Metadata GC Threshold) 179M->147M(1024M) 9.456ms
[2018-05-02T23:54:09.941+0800][gc,cpu        ] GC(3) User=0.03s Sys=0.01s Real=0.01s
[2018-05-02T23:54:09.941+0800][gc            ] GC(4) Concurrent Cycle
[2018-05-02T23:54:09.941+0800][gc,marking    ] GC(4) Concurrent Clear Claimed Marks
[2018-05-02T23:54:09.941+0800][gc,marking    ] GC(4) Concurrent Clear Claimed Marks 0.060ms
[2018-05-02T23:54:09.941+0800][gc,marking    ] GC(4) Concurrent Scan Root Regions
[2018-05-02T23:54:09.943+0800][gc,marking    ] GC(4) Concurrent Scan Root Regions 2.441ms
[2018-05-02T23:54:09.943+0800][gc,marking    ] GC(4) Concurrent Mark (55.280s)
[2018-05-02T23:54:09.943+0800][gc,marking    ] GC(4) Concurrent Mark From Roots
[2018-05-02T23:54:09.943+0800][gc,task       ] GC(4) Using 2 workers of 2 for marking
[2018-05-02T23:54:09.955+0800][gc,marking    ] GC(4) Concurrent Mark From Roots 11.463ms
[2018-05-02T23:54:09.955+0800][gc,marking    ] GC(4) Concurrent Mark (55.280s, 55.291s) 11.540ms
[2018-05-02T23:54:09.956+0800][gc,start      ] GC(4) Pause Remark
[2018-05-02T23:54:09.960+0800][gc,stringtable] GC(4) Cleaned string and symbol table, strings: 13354 processed, 18 removed, symbols: 100850 processed, 26 removed
[2018-05-02T23:54:09.960+0800][gc            ] GC(4) Pause Remark 149M->149M(1024M) 4.372ms
[2018-05-02T23:54:09.960+0800][gc,cpu        ] GC(4) User=0.02s Sys=0.00s Real=0.01s
[2018-05-02T23:54:09.960+0800][gc,marking    ] GC(4) Concurrent Create Live Data
[2018-05-02T23:54:09.962+0800][gc,marking    ] GC(4) Concurrent Create Live Data 1.712ms
[2018-05-02T23:54:09.962+0800][gc,start      ] GC(4) Pause Cleanup
[2018-05-02T23:54:09.963+0800][gc            ] GC(4) Pause Cleanup 149M->146M(1024M) 0.557ms
[2018-05-02T23:54:09.963+0800][gc,cpu        ] GC(4) User=0.00s Sys=0.00s Real=0.00s
[2018-05-02T23:54:09.963+0800][gc,marking    ] GC(4) Concurrent Complete Cleanup
[2018-05-02T23:54:09.963+0800][gc,marking    ] GC(4) Concurrent Complete Cleanup 0.042ms
[2018-05-02T23:54:09.963+0800][gc,marking    ] GC(4) Concurrent Cleanup for Next Mark
[2018-05-02T23:54:09.970+0800][gc,marking    ] GC(4) Concurrent Cleanup for Next Mark 7.165ms
[2018-05-02T23:54:09.970+0800][gc            ] GC(4) Concurrent Cycle 29.293ms
[2018-05-02T23:54:15.583+0800][gc,start      ] GC(5) Pause Initial Mark (G1 Evacuation Pause)
[2018-05-02T23:54:15.583+0800][gc,task       ] GC(5) Using 8 workers of 8 for evacuation
[2018-05-02T23:54:15.587+0800][gc,phases     ] GC(5)   Pre Evacuate Collection Set: 0.0ms
[2018-05-02T23:54:15.587+0800][gc,phases     ] GC(5)   Evacuate Collection Set: 3.4ms
[2018-05-02T23:54:15.587+0800][gc,phases     ] GC(5)   Post Evacuate Collection Set: 0.6ms
[2018-05-02T23:54:15.587+0800][gc,phases     ] GC(5)   Other: 0.3ms
[2018-05-02T23:54:15.587+0800][gc,heap       ] GC(5) Eden regions: 46->0(49)
[2018-05-02T23:54:15.587+0800][gc,heap       ] GC(5) Survivor regions: 5->2(7)
[2018-05-02T23:54:15.587+0800][gc,heap       ] GC(5) Old regions: 12->13
[2018-05-02T23:54:15.587+0800][gc,heap       ] GC(5) Humongous regions: 129->129
[2018-05-02T23:54:15.587+0800][gc,metaspace  ] GC(5) Metaspace: 35523K->35523K(1083392K)
[2018-05-02T23:54:15.587+0800][gc            ] GC(5) Pause Initial Mark (G1 Evacuation Pause) 190M->143M(1024M) 4.455ms
[2018-05-02T23:54:15.587+0800][gc,cpu        ] GC(5) User=0.03s Sys=0.00s Real=0.00s
[2018-05-02T23:54:15.587+0800][gc            ] GC(6) Concurrent Cycle
[2018-05-02T23:54:15.587+0800][gc,marking    ] GC(6) Concurrent Clear Claimed Marks
[2018-05-02T23:54:15.587+0800][gc,marking    ] GC(6) Concurrent Clear Claimed Marks 0.091ms
[2018-05-02T23:54:15.587+0800][gc,marking    ] GC(6) Concurrent Scan Root Regions
[2018-05-02T23:54:15.589+0800][gc,marking    ] GC(6) Concurrent Scan Root Regions 1.113ms
[2018-05-02T23:54:15.589+0800][gc,marking    ] GC(6) Concurrent Mark (60.925s)
[2018-05-02T23:54:15.589+0800][gc,marking    ] GC(6) Concurrent Mark From Roots
[2018-05-02T23:54:15.589+0800][gc,task       ] GC(6) Using 2 workers of 2 for marking
[2018-05-02T23:54:15.596+0800][gc,marking    ] GC(6) Concurrent Mark From Roots 7.494ms
[2018-05-02T23:54:15.596+0800][gc,marking    ] GC(6) Concurrent Mark (60.925s, 60.933s) 7.538ms
[2018-05-02T23:54:15.596+0800][gc,start      ] GC(6) Pause Remark
[2018-05-02T23:54:15.600+0800][gc,stringtable] GC(6) Cleaned string and symbol table, strings: 14053 processed, 3 removed, symbols: 101660 processed, 3 removed
[2018-05-02T23:54:15.600+0800][gc            ] GC(6) Pause Remark 144M->144M(1024M) 3.833ms
[2018-05-02T23:54:15.600+0800][gc,cpu        ] GC(6) User=0.02s Sys=0.01s Real=0.01s
[2018-05-02T23:54:15.600+0800][gc,marking    ] GC(6) Concurrent Create Live Data
[2018-05-02T23:54:15.602+0800][gc,marking    ] GC(6) Concurrent Create Live Data 1.613ms
[2018-05-02T23:54:15.602+0800][gc,start      ] GC(6) Pause Cleanup
[2018-05-02T23:54:15.602+0800][gc            ] GC(6) Pause Cleanup 144M->144M(1024M) 0.393ms
[2018-05-02T23:54:15.602+0800][gc,cpu        ] GC(6) User=0.01s Sys=0.00s Real=0.00s
[2018-05-02T23:54:15.602+0800][gc,marking    ] GC(6) Concurrent Cleanup for Next Mark
[2018-05-02T23:54:15.603+0800][gc,marking    ] GC(6) Concurrent Cleanup for Next Mark 1.025ms
[2018-05-02T23:54:15.603+0800][gc            ] GC(6) Concurrent Cycle 16.145ms
[2018-05-02T23:54:22.271+0800][gc,start      ] GC(7) Pause Young (G1 Evacuation Pause)
[2018-05-02T23:54:22.271+0800][gc,task       ] GC(7) Using 8 workers of 8 for evacuation
[2018-05-02T23:54:22.273+0800][gc,phases     ] GC(7)   Pre Evacuate Collection Set: 0.0ms
[2018-05-02T23:54:22.273+0800][gc,phases     ] GC(7)   Evacuate Collection Set: 1.8ms
[2018-05-02T23:54:22.273+0800][gc,phases     ] GC(7)   Post Evacuate Collection Set: 0.2ms
[2018-05-02T23:54:22.273+0800][gc,phases     ] GC(7)   Other: 0.1ms
[2018-05-02T23:54:22.273+0800][gc,heap       ] GC(7) Eden regions: 49->0(49)
[2018-05-02T23:54:22.273+0800][gc,heap       ] GC(7) Survivor regions: 2->2(7)
[2018-05-02T23:54:22.273+0800][gc,heap       ] GC(7) Old regions: 13->13
[2018-05-02T23:54:22.273+0800][gc,heap       ] GC(7) Humongous regions: 129->129
[2018-05-02T23:54:22.273+0800][gc,metaspace  ] GC(7) Metaspace: 35557K->35557K(1083392K)
[2018-05-02T23:54:22.273+0800][gc            ] GC(7) Pause Young (G1 Evacuation Pause) 192M->142M(1024M) 2.353ms
[2018-05-02T23:54:22.273+0800][gc,cpu        ] GC(7) User=0.02s Sys=0.00s Real=0.00s
[2018-05-02T23:54:26.521+0800][gc,start      ] GC(8) Pause Young (G1 Evacuation Pause)
[2018-05-02T23:54:26.521+0800][gc,task       ] GC(8) Using 8 workers of 8 for evacuation
[2018-05-02T23:54:26.524+0800][gc,phases     ] GC(8)   Pre Evacuate Collection Set: 0.0ms
[2018-05-02T23:54:26.524+0800][gc,phases     ] GC(8)   Evacuate Collection Set: 2.1ms
[2018-05-02T23:54:26.524+0800][gc,phases     ] GC(8)   Post Evacuate Collection Set: 0.5ms
[2018-05-02T23:54:26.524+0800][gc,phases     ] GC(8)   Other: 0.2ms
[2018-05-02T23:54:26.524+0800][gc,heap       ] GC(8) Eden regions: 49->0(48)
[2018-05-02T23:54:26.524+0800][gc,heap       ] GC(8) Survivor regions: 2->3(7)
[2018-05-02T23:54:26.524+0800][gc,heap       ] GC(8) Old regions: 13->13
[2018-05-02T23:54:26.524+0800][gc,heap       ] GC(8) Humongous regions: 129->129
[2018-05-02T23:54:26.524+0800][gc,metaspace  ] GC(8) Metaspace: 36478K->36478K(1083392K)
[2018-05-02T23:54:26.524+0800][gc            ] GC(8) Pause Young (G1 Evacuation Pause) 191M->143M(1024M) 2.961ms
[2018-05-02T23:54:26.524+0800][gc,cpu        ] GC(8) User=0.02s Sys=0.00s Real=0.00s
[2018-05-02T23:54:28.929+0800][gc,start      ] GC(9) Pause Young (G1 Evacuation Pause)
[2018-05-02T23:54:28.929+0800][gc,task       ] GC(9) Using 8 workers of 8 for evacuation
[2018-05-02T23:54:28.932+0800][gc,phases     ] GC(9)   Pre Evacuate Collection Set: 0.0ms
[2018-05-02T23:54:28.932+0800][gc,phases     ] GC(9)   Evacuate Collection Set: 3.1ms
[2018-05-02T23:54:28.932+0800][gc,phases     ] GC(9)   Post Evacuate Collection Set: 0.4ms
[2018-05-02T23:54:28.932+0800][gc,phases     ] GC(9)   Other: 0.2ms
[2018-05-02T23:54:28.932+0800][gc,heap       ] GC(9) Eden regions: 48->0(70)
[2018-05-02T23:54:28.932+0800][gc,heap       ] GC(9) Survivor regions: 3->3(7)
[2018-05-02T23:54:28.932+0800][gc,heap       ] GC(9) Old regions: 13->13
[2018-05-02T23:54:28.932+0800][gc,heap       ] GC(9) Humongous regions: 129->129
[2018-05-02T23:54:28.932+0800][gc,metaspace  ] GC(9) Metaspace: 36520K->36520K(1083392K)
[2018-05-02T23:54:28.932+0800][gc            ] GC(9) Pause Young (G1 Evacuation Pause) 191M->143M(1024M) 3.875ms
[2018-05-02T23:54:28.932+0800][gc,cpu        ] GC(9) User=0.02s Sys=0.00s Real=0.01s
[2018-05-02T23:54:33.375+0800][gc,start      ] GC(10) Pause Young (G1 Evacuation Pause)
[2018-05-02T23:54:33.375+0800][gc,task       ] GC(10) Using 8 workers of 8 for evacuation
[2018-05-02T23:54:33.381+0800][gc,phases     ] GC(10)   Pre Evacuate Collection Set: 0.1ms
[2018-05-02T23:54:33.381+0800][gc,phases     ] GC(10)   Evacuate Collection Set: 5.6ms
[2018-05-02T23:54:33.381+0800][gc,phases     ] GC(10)   Post Evacuate Collection Set: 0.3ms
[2018-05-02T23:54:33.381+0800][gc,phases     ] GC(10)   Other: 0.4ms
[2018-05-02T23:54:33.382+0800][gc,heap       ] GC(10) Eden regions: 70->0(78)
[2018-05-02T23:54:33.382+0800][gc,heap       ] GC(10) Survivor regions: 3->3(10)
[2018-05-02T23:54:33.382+0800][gc,heap       ] GC(10) Old regions: 13->13
[2018-05-02T23:54:33.382+0800][gc,heap       ] GC(10) Humongous regions: 129->129
[2018-05-02T23:54:33.382+0800][gc,metaspace  ] GC(10) Metaspace: 36521K->36521K(1083392K)
[2018-05-02T23:54:33.382+0800][gc            ] GC(10) Pause Young (G1 Evacuation Pause) 213M->143M(1024M) 6.562ms
[2018-05-02T23:54:33.382+0800][gc,cpu        ] GC(10) User=0.03s Sys=0.00s Real=0.01s
[2018-05-02T23:54:38.438+0800][gc,start      ] GC(11) Pause Young (G1 Evacuation Pause)
[2018-05-02T23:54:38.438+0800][gc,task       ] GC(11) Using 8 workers of 8 for evacuation
[2018-05-02T23:54:38.443+0800][gc,phases     ] GC(11)   Pre Evacuate Collection Set: 0.0ms
[2018-05-02T23:54:38.443+0800][gc,phases     ] GC(11)   Evacuate Collection Set: 4.4ms
[2018-05-02T23:54:38.443+0800][gc,phases     ] GC(11)   Post Evacuate Collection Set: 0.4ms
[2018-05-02T23:54:38.443+0800][gc,phases     ] GC(11)   Other: 0.2ms
[2018-05-02T23:54:38.443+0800][gc,heap       ] GC(11) Eden regions: 78->0(91)
[2018-05-02T23:54:38.443+0800][gc,heap       ] GC(11) Survivor regions: 3->3(11)
[2018-05-02T23:54:38.443+0800][gc,heap       ] GC(11) Old regions: 13->13
[2018-05-02T23:54:38.443+0800][gc,heap       ] GC(11) Humongous regions: 129->129
[2018-05-02T23:54:38.443+0800][gc,metaspace  ] GC(11) Metaspace: 36530K->36530K(1083392K)
[2018-05-02T23:54:38.443+0800][gc            ] GC(11) Pause Young (G1 Evacuation Pause) 221M->143M(1024M) 5.193ms
[2018-05-02T23:54:38.443+0800][gc,cpu        ] GC(11) User=0.03s Sys=0.00s Real=0.01s
[2018-05-03T00:30:44.557+0800][gc,start      ] GC(12) Pause Young (G1 Evacuation Pause)
[2018-05-03T00:30:44.559+0800][gc,task       ] GC(12) Using 8 workers of 8 for evacuation
[2018-05-03T00:30:44.588+0800][gc,mmu        ] GC(12) MMU target violated: 21.0ms (20.0ms/21.0ms)
[2018-05-03T00:30:44.588+0800][gc,phases     ] GC(12)   Pre Evacuate Collection Set: 2.3ms
[2018-05-03T00:30:44.588+0800][gc,phases     ] GC(12)   Evacuate Collection Set: 24.5ms
[2018-05-03T00:30:44.588+0800][gc,phases     ] GC(12)   Post Evacuate Collection Set: 1.4ms
[2018-05-03T00:30:44.588+0800][gc,phases     ] GC(12)   Other: 2.8ms
[2018-05-03T00:30:44.588+0800][gc,heap       ] GC(12) Eden regions: 91->0(58)
[2018-05-03T00:30:44.588+0800][gc,heap       ] GC(12) Survivor regions: 3->4(12)
[2018-05-03T00:30:44.588+0800][gc,heap       ] GC(12) Old regions: 13->13
[2018-05-03T00:30:44.588+0800][gc,heap       ] GC(12) Humongous regions: 129->129
[2018-05-03T00:30:44.588+0800][gc,metaspace  ] GC(12) Metaspace: 38130K->38130K(1085440K)
[2018-05-03T00:30:44.588+0800][gc            ] GC(12) Pause Young (G1 Evacuation Pause) 234M->144M(1024M) 31.076ms
[2018-05-03T00:30:44.588+0800][gc,cpu        ] GC(12) User=0.04s Sys=0.10s Real=0.03s
[2018-05-03T00:56:02.955+0800][gc,start      ] GC(13) Pause Young (G1 Evacuation Pause)
[2018-05-03T00:56:02.957+0800][gc,task       ] GC(13) Using 8 workers of 8 for evacuation
[2018-05-03T00:56:02.962+0800][gc,phases     ] GC(13)   Pre Evacuate Collection Set: 0.0ms
[2018-05-03T00:56:02.962+0800][gc,phases     ] GC(13)   Evacuate Collection Set: 4.6ms
[2018-05-03T00:56:02.962+0800][gc,phases     ] GC(13)   Post Evacuate Collection Set: 0.6ms
[2018-05-03T00:56:02.962+0800][gc,phases     ] GC(13)   Other: 2.2ms
[2018-05-03T00:56:02.962+0800][gc,heap       ] GC(13) Eden regions: 58->0(94)
[2018-05-03T00:56:02.962+0800][gc,heap       ] GC(13) Survivor regions: 4->4(8)
[2018-05-03T00:56:02.962+0800][gc,heap       ] GC(13) Old regions: 13->13
[2018-05-03T00:56:02.962+0800][gc,heap       ] GC(13) Humongous regions: 129->129
[2018-05-03T00:56:02.963+0800][gc,metaspace  ] GC(13) Metaspace: 38274K->38274K(1085440K)
[2018-05-03T00:56:02.963+0800][gc            ] GC(13) Pause Young (G1 Evacuation Pause) 202M->144M(1024M) 7.589ms
[2018-05-03T00:56:02.963+0800][gc,cpu        ] GC(13) User=0.04s Sys=0.00s Real=0.01s
[2018-05-03T01:20:36.579+0800][gc,start      ] GC(14) Pause Young (G1 Evacuation Pause)
[2018-05-03T01:20:36.581+0800][gc,task       ] GC(14) Using 8 workers of 8 for evacuation
[2018-05-03T01:20:36.591+0800][gc,phases     ] GC(14)   Pre Evacuate Collection Set: 0.1ms
[2018-05-03T01:20:36.592+0800][gc,phases     ] GC(14)   Evacuate Collection Set: 9.6ms
[2018-05-03T01:20:36.592+0800][gc,phases     ] GC(14)   Post Evacuate Collection Set: 0.6ms
[2018-05-03T01:20:36.592+0800][gc,phases     ] GC(14)   Other: 2.5ms
[2018-05-03T01:20:36.592+0800][gc,heap       ] GC(14) Eden regions: 94->0(428)
[2018-05-03T01:20:36.592+0800][gc,heap       ] GC(14) Survivor regions: 4->5(13)
[2018-05-03T01:20:36.592+0800][gc,heap       ] GC(14) Old regions: 13->13
[2018-05-03T01:20:36.592+0800][gc,heap       ] GC(14) Humongous regions: 129->129
[2018-05-03T01:20:36.592+0800][gc,metaspace  ] GC(14) Metaspace: 38663K->38663K(1085440K)
[2018-05-03T01:20:36.592+0800][gc            ] GC(14) Pause Young (G1 Evacuation Pause) 238M->145M(1024M) 13.065ms
[2018-05-03T01:20:36.592+0800][gc,cpu        ] GC(14) User=0.05s Sys=0.01s Real=0.02s
