[2018-05-02T23:53:22.267+0800][gc,heap] Heap region size: 1M
[2018-05-02T23:53:22.280+0800][gc     ] Using G1
[2018-05-02T23:53:22.280+0800][gc,heap,coops] Heap address: 0x0000000780000000, size: 1024 MB, Compressed Oops mode: Zero based, Oop shift amount: 3
[2018-05-02T23:53:23.396+0800][gc,start     ] GC(0) Pause Initial Mark (Metadata GC Threshold)
[2018-05-02T23:53:23.396+0800][gc,task      ] GC(0) Using 8 workers of 8 for evacuation
[2018-05-02T23:53:23.407+0800][gc,phases    ] GC(0)   Pre Evacuate Collection Set: 0.0ms
[2018-05-02T23:53:23.408+0800][gc,phases    ] GC(0)   Evacuate Collection Set: 7.1ms
[2018-05-02T23:53:23.408+0800][gc,phases    ] GC(0)   Post Evacuate Collection Set: 4.0ms
[2018-05-02T23:53:23.408+0800][gc,phases    ] GC(0)   Other: 0.2ms
[2018-05-02T23:53:23.408+0800][gc,heap      ] GC(0) Eden regions: 50->0(44)
[2018-05-02T23:53:23.408+0800][gc,heap      ] GC(0) Survivor regions: 0->7(7)
[2018-05-02T23:53:23.408+0800][gc,heap      ] GC(0) Old regions: 0->4
[2018-05-02T23:53:23.408+0800][gc,heap      ] GC(0) Humongous regions: 0->0
[2018-05-02T23:53:23.408+0800][gc,metaspace ] GC(0) Metaspace: 20394K->20394K(1069056K)
[2018-05-02T23:53:23.408+0800][gc           ] GC(0) Pause Initial Mark (Metadata GC Threshold) 49M->10M(1024M) 11.473ms
[2018-05-02T23:53:23.408+0800][gc,cpu       ] GC(0) User=0.04s Sys=0.01s Real=0.01s
[2018-05-02T23:53:23.408+0800][gc           ] GC(1) Concurrent Cycle
[2018-05-02T23:53:23.408+0800][gc,marking   ] GC(1) Concurrent Clear Claimed Marks
[2018-05-02T23:53:23.408+0800][gc,marking   ] GC(1) Concurrent Clear Claimed Marks 0.027ms
[2018-05-02T23:53:23.408+0800][gc,marking   ] GC(1) Concurrent Scan Root Regions
[2018-05-02T23:53:23.410+0800][gc,marking   ] GC(1) Concurrent Scan Root Regions 2.085ms
[2018-05-02T23:53:23.410+0800][gc,marking   ] GC(1) Concurrent Mark (1.154s)
[2018-05-02T23:53:23.410+0800][gc,marking   ] GC(1) Concurrent Mark From Roots
[2018-05-02T23:53:23.410+0800][gc,task      ] GC(1) Using 2 workers of 2 for marking
[2018-05-02T23:53:23.410+0800][gc,marking   ] GC(1) Concurrent Mark From Roots 0.359ms
[2018-05-02T23:53:23.410+0800][gc,marking   ] GC(1) Concurrent Mark (1.154s, 1.155s) 0.419ms
[2018-05-02T23:53:23.411+0800][gc,start     ] GC(1) Pause Remark
[2018-05-02T23:53:23.413+0800][gc,stringtable] GC(1) Cleaned string and symbol table, strings: 8194 processed, 0 removed, symbols: 65904 processed, 40 removed
[2018-05-02T23:53:23.413+0800][gc            ] GC(1) Pause Remark 11M->11M(1024M) 2.189ms
[2018-05-02T23:53:23.413+0800][gc,cpu        ] GC(1) User=0.01s Sys=0.00s Real=0.00s
[2018-05-02T23:53:23.413+0800][gc,marking    ] GC(1) Concurrent Create Live Data
[2018-05-02T23:53:23.413+0800][gc,marking    ] GC(1) Concurrent Create Live Data 0.168ms
[2018-05-02T23:53:23.413+0800][gc,start      ] GC(1) Pause Cleanup
[2018-05-02T23:53:23.413+0800][gc            ] GC(1) Pause Cleanup 11M->11M(1024M) 0.398ms
[2018-05-02T23:53:23.413+0800][gc,cpu        ] GC(1) User=0.00s Sys=0.00s Real=0.00s
[2018-05-02T23:53:23.414+0800][gc,marking    ] GC(1) Concurrent Cleanup for Next Mark
[2018-05-02T23:53:23.419+0800][gc,marking    ] GC(1) Concurrent Cleanup for Next Mark 5.866ms
[2018-05-02T23:53:23.419+0800][gc            ] GC(1) Concurrent Cycle 11.728ms
[2018-05-02T23:53:24.185+0800][gc,start      ] GC(2) Pause Young (G1 Evacuation Pause)
[2018-05-02T23:53:24.185+0800][gc,task       ] GC(2) Using 8 workers of 8 for evacuation
[2018-05-02T23:53:24.197+0800][gc,phases     ] GC(2)   Pre Evacuate Collection Set: 0.0ms
[2018-05-02T23:53:24.197+0800][gc,phases     ] GC(2)   Evacuate Collection Set: 8.1ms
[2018-05-02T23:53:24.197+0800][gc,phases     ] GC(2)   Post Evacuate Collection Set: 3.9ms
[2018-05-02T23:53:24.197+0800][gc,phases     ] GC(2)   Other: 0.1ms
[2018-05-02T23:53:24.197+0800][gc,heap       ] GC(2) Eden regions: 44->0(44)
[2018-05-02T23:53:24.197+0800][gc,heap       ] GC(2) Survivor regions: 7->7(7)
[2018-05-02T23:53:24.197+0800][gc,heap       ] GC(2) Old regions: 4->12
[2018-05-02T23:53:24.197+0800][gc,heap       ] GC(2) Humongous regions: 129->129
[2018-05-02T23:53:24.197+0800][gc,metaspace  ] GC(2) Metaspace: 27923K->27923K(1075200K)
[2018-05-02T23:53:24.197+0800][gc            ] GC(2) Pause Young (G1 Evacuation Pause) 183M->147M(1024M) 12.309ms
[2018-05-02T23:53:24.197+0800][gc,cpu        ] GC(2) User=0.07s Sys=0.01s Real=0.01s
[2018-05-03T00:16:51.477+0800][gc,start      ] GC(3) Pause Initial Mark (Metadata GC Threshold)
[2018-05-03T00:16:51.477+0800][gc,task       ] GC(3) Using 8 workers of 8 for evacuation
[2018-05-03T00:16:51.520+0800][gc,mmu        ] GC(3) MMU target violated: 21.0ms (20.0ms/21.0ms)
[2018-05-03T00:16:51.520+0800][gc,phases     ] GC(3)   Pre Evacuate Collection Set: 0.0ms
[2018-05-03T00:16:51.520+0800][gc,phases     ] GC(3)   Evacuate Collection Set: 29.5ms
[2018-05-03T00:16:51.520+0800][gc,phases     ] GC(3)   Post Evacuate Collection Set: 11.4ms
[2018-05-03T00:16:51.520+0800][gc,phases     ] GC(3)   Other: 2.0ms
[2018-05-03T00:16:51.520+0800][gc,heap       ] GC(3) Eden regions: 44->0(46)
[2018-05-03T00:16:51.520+0800][gc,heap       ] GC(3) Survivor regions: 7->5(7)
[2018-05-03T00:16:51.520+0800][gc,heap       ] GC(3) Old regions: 12->15
[2018-05-03T00:16:51.520+0800][gc,heap       ] GC(3) Humongous regions: 129->129
[2018-05-03T00:16:51.520+0800][gc,metaspace  ] GC(3) Metaspace: 33697K->33697K(1081344K)
[2018-05-03T00:16:51.520+0800][gc            ] GC(3) Pause Initial Mark (Metadata GC Threshold) 190M->147M(1024M) 43.092ms
[2018-05-03T00:16:51.520+0800][gc,cpu        ] GC(3) User=0.04s Sys=0.08s Real=0.05s
[2018-05-03T00:16:51.520+0800][gc            ] GC(4) Concurrent Cycle
[2018-05-03T00:16:51.520+0800][gc,marking    ] GC(4) Concurrent Clear Claimed Marks
[2018-05-03T00:16:51.520+0800][gc,marking    ] GC(4) Concurrent Clear Claimed Marks 0.107ms
[2018-05-03T00:16:51.520+0800][gc,marking    ] GC(4) Concurrent Scan Root Regions
[2018-05-03T00:16:51.522+0800][gc,marking    ] GC(4) Concurrent Scan Root Regions 1.564ms
[2018-05-03T00:16:51.522+0800][gc,marking    ] GC(4) Concurrent Mark (1409.311s)
[2018-05-03T00:16:51.522+0800][gc,marking    ] GC(4) Concurrent Mark From Roots
[2018-05-03T00:16:51.522+0800][gc,task       ] GC(4) Using 2 workers of 2 for marking
[2018-05-03T00:16:51.532+0800][gc,marking    ] GC(4) Concurrent Mark From Roots 9.885ms
[2018-05-03T00:16:51.532+0800][gc,marking    ] GC(4) Concurrent Mark (1409.311s, 1409.321s) 9.939ms
[2018-05-03T00:16:51.532+0800][gc,start      ] GC(4) Pause Remark
[2018-05-03T00:16:51.561+0800][gc,stringtable] GC(4) Cleaned string and symbol table, strings: 13393 processed, 502 removed, symbols: 100129 processed, 24 removed
[2018-05-03T00:16:51.562+0800][gc,mmu        ] GC(4) MMU target violated: 21.0ms (20.0ms/21.0ms)
[2018-05-03T00:16:51.562+0800][gc            ] GC(4) Pause Remark 148M->148M(1024M) 29.343ms
[2018-05-03T00:16:51.562+0800][gc,cpu        ] GC(4) User=0.03s Sys=0.09s Real=0.03s
[2018-05-03T00:16:51.562+0800][gc,marking    ] GC(4) Concurrent Create Live Data
[2018-05-03T00:16:51.563+0800][gc,marking    ] GC(4) Concurrent Create Live Data 1.534ms
[2018-05-03T00:16:51.564+0800][gc,start      ] GC(4) Pause Cleanup
[2018-05-03T00:16:51.568+0800][gc            ] GC(4) Pause Cleanup 148M->144M(1024M) 4.499ms
[2018-05-03T00:16:51.569+0800][gc,cpu        ] GC(4) User=0.00s Sys=0.01s Real=0.00s
[2018-05-03T00:16:51.569+0800][gc,marking    ] GC(4) Concurrent Complete Cleanup
[2018-05-03T00:16:51.569+0800][gc,marking    ] GC(4) Concurrent Complete Cleanup 0.028ms
[2018-05-03T00:16:51.569+0800][gc,marking    ] GC(4) Concurrent Cleanup for Next Mark
[2018-05-03T00:16:51.576+0800][gc,marking    ] GC(4) Concurrent Cleanup for Next Mark 7.381ms
[2018-05-03T00:16:51.576+0800][gc            ] GC(4) Concurrent Cycle 55.801ms
[2018-05-03T00:24:05.368+0800][gc,start      ] GC(5) Pause Young (G1 Evacuation Pause)
[2018-05-03T00:24:05.370+0800][gc,task       ] GC(5) Using 8 workers of 8 for evacuation
[2018-05-03T00:24:05.379+0800][gc,phases     ] GC(5)   Pre Evacuate Collection Set: 0.0ms
[2018-05-03T00:24:05.379+0800][gc,phases     ] GC(5)   Evacuate Collection Set: 7.2ms
[2018-05-03T00:24:05.380+0800][gc,phases     ] GC(5)   Post Evacuate Collection Set: 1.9ms
[2018-05-03T00:24:05.380+0800][gc,phases     ] GC(5)   Other: 2.3ms
[2018-05-03T00:24:05.380+0800][gc,heap       ] GC(5) Eden regions: 46->0(46)
[2018-05-03T00:24:05.380+0800][gc,heap       ] GC(5) Survivor regions: 5->5(7)
[2018-05-03T00:24:05.380+0800][gc,heap       ] GC(5) Old regions: 11->12
[2018-05-03T00:24:05.380+0800][gc,heap       ] GC(5) Humongous regions: 129->129
[2018-05-03T00:24:05.380+0800][gc,metaspace  ] GC(5) Metaspace: 36786K->36786K(1083392K)
[2018-05-03T00:24:05.380+0800][gc            ] GC(5) Pause Young (G1 Evacuation Pause) 189M->144M(1024M) 11.664ms
[2018-05-03T00:24:05.380+0800][gc,cpu        ] GC(5) User=0.05s Sys=0.01s Real=0.02s
[2018-05-03T00:32:04.937+0800][gc,start      ] GC(6) Pause Young (G1 Evacuation Pause)
[2018-05-03T00:32:04.939+0800][gc,task       ] GC(6) Using 8 workers of 8 for evacuation
[2018-05-03T00:32:04.945+0800][gc,phases     ] GC(6)   Pre Evacuate Collection Set: 0.0ms
[2018-05-03T00:32:04.946+0800][gc,phases     ] GC(6)   Evacuate Collection Set: 5.5ms
[2018-05-03T00:32:04.946+0800][gc,phases     ] GC(6)   Post Evacuate Collection Set: 0.4ms
[2018-05-03T00:32:04.946+0800][gc,phases     ] GC(6)   Other: 2.4ms
[2018-05-03T00:32:04.946+0800][gc,heap       ] GC(6) Eden regions: 46->0(48)
[2018-05-03T00:32:04.946+0800][gc,heap       ] GC(6) Survivor regions: 5->3(7)
[2018-05-03T00:32:04.946+0800][gc,heap       ] GC(6) Old regions: 12->13
[2018-05-03T00:32:04.946+0800][gc,heap       ] GC(6) Humongous regions: 129->129
[2018-05-03T00:32:04.946+0800][gc,metaspace  ] GC(6) Metaspace: 36921K->36921K(1085440K)
[2018-05-03T00:32:04.946+0800][gc            ] GC(6) Pause Young (G1 Evacuation Pause) 190M->144M(1024M) 8.571ms
[2018-05-03T00:32:04.946+0800][gc,cpu        ] GC(6) User=0.04s Sys=0.01s Real=0.01s
[2018-05-03T00:39:20.650+0800][gc,start      ] GC(7) Pause Young (G1 Evacuation Pause)
[2018-05-03T00:39:20.652+0800][gc,task       ] GC(7) Using 8 workers of 8 for evacuation
[2018-05-03T00:39:20.664+0800][gc,phases     ] GC(7)   Pre Evacuate Collection Set: 0.0ms
[2018-05-03T00:39:20.664+0800][gc,phases     ] GC(7)   Evacuate Collection Set: 11.2ms
[2018-05-03T00:39:20.664+0800][gc,phases     ] GC(7)   Post Evacuate Collection Set: 0.3ms
[2018-05-03T00:39:20.664+0800][gc,phases     ] GC(7)   Other: 2.4ms
[2018-05-03T00:39:20.664+0800][gc,heap       ] GC(7) Eden regions: 48->0(45)
[2018-05-03T00:39:20.664+0800][gc,heap       ] GC(7) Survivor regions: 3->6(7)
[2018-05-03T00:39:20.664+0800][gc,heap       ] GC(7) Old regions: 13->13
[2018-05-03T00:39:20.664+0800][gc,heap       ] GC(7) Humongous regions: 129->129
[2018-05-03T00:39:20.664+0800][gc,metaspace  ] GC(7) Metaspace: 37027K->37027K(1085440K)
[2018-05-03T00:39:20.664+0800][gc            ] GC(7) Pause Young (G1 Evacuation Pause) 192M->147M(1024M) 14.028ms
[2018-05-03T00:39:20.664+0800][gc,cpu        ] GC(7) User=0.07s Sys=0.01s Real=0.01s
[2018-05-03T00:46:24.547+0800][gc,start      ] GC(8) Pause Young (G1 Evacuation Pause)
[2018-05-03T00:46:24.549+0800][gc,task       ] GC(8) Using 8 workers of 8 for evacuation
[2018-05-03T00:46:24.563+0800][gc,phases     ] GC(8)   Pre Evacuate Collection Set: 0.0ms
[2018-05-03T00:46:24.563+0800][gc,phases     ] GC(8)   Evacuate Collection Set: 13.3ms
[2018-05-03T00:46:24.563+0800][gc,phases     ] GC(8)   Post Evacuate Collection Set: 0.3ms
[2018-05-03T00:46:24.563+0800][gc,phases     ] GC(8)   Other: 2.1ms
[2018-05-03T00:46:24.563+0800][gc,heap       ] GC(8) Eden regions: 45->0(45)
[2018-05-03T00:46:24.563+0800][gc,heap       ] GC(8) Survivor regions: 6->6(7)
[2018-05-03T00:46:24.563+0800][gc,heap       ] GC(8) Old regions: 13->18
[2018-05-03T00:46:24.563+0800][gc,heap       ] GC(8) Humongous regions: 129->129
[2018-05-03T00:46:24.563+0800][gc,metaspace  ] GC(8) Metaspace: 37081K->37081K(1085440K)
[2018-05-03T00:46:24.563+0800][gc            ] GC(8) Pause Young (G1 Evacuation Pause) 192M->151M(1024M) 15.875ms
[2018-05-03T00:46:24.563+0800][gc,cpu        ] GC(8) User=0.07s Sys=0.01s Real=0.02s
[2018-05-03T00:53:24.205+0800][gc,start      ] GC(9) Pause Young (G1 Evacuation Pause)
[2018-05-03T00:53:24.208+0800][gc,task       ] GC(9) Using 8 workers of 8 for evacuation
[2018-05-03T00:53:24.219+0800][gc,phases     ] GC(9)   Pre Evacuate Collection Set: 0.0ms
[2018-05-03T00:53:24.219+0800][gc,phases     ] GC(9)   Evacuate Collection Set: 10.8ms
[2018-05-03T00:53:24.219+0800][gc,phases     ] GC(9)   Post Evacuate Collection Set: 0.3ms
[2018-05-03T00:53:24.219+0800][gc,phases     ] GC(9)   Other: 2.3ms
[2018-05-03T00:53:24.219+0800][gc,heap       ] GC(9) Eden regions: 45->0(44)
[2018-05-03T00:53:24.219+0800][gc,heap       ] GC(9) Survivor regions: 6->7(7)
[2018-05-03T00:53:24.219+0800][gc,heap       ] GC(9) Old regions: 18->22
[2018-05-03T00:53:24.219+0800][gc,heap       ] GC(9) Humongous regions: 129->129
[2018-05-03T00:53:24.219+0800][gc,metaspace  ] GC(9) Metaspace: 37104K->37104K(1085440K)
[2018-05-03T00:53:24.219+0800][gc            ] GC(9) Pause Young (G1 Evacuation Pause) 196M->157M(1024M) 13.598ms
[2018-05-03T00:53:24.219+0800][gc,cpu        ] GC(9) User=0.08s Sys=0.00s Real=0.01s
[2018-05-03T00:59:03.834+0800][gc,start      ] GC(10) Pause Young (G1 Evacuation Pause)
[2018-05-03T00:59:03.836+0800][gc,task       ] GC(10) Using 8 workers of 8 for evacuation
[2018-05-03T00:59:03.845+0800][gc,phases     ] GC(10)   Pre Evacuate Collection Set: 0.0ms
[2018-05-03T00:59:03.845+0800][gc,phases     ] GC(10)   Evacuate Collection Set: 8.9ms
[2018-05-03T00:59:03.845+0800][gc,phases     ] GC(10)   Post Evacuate Collection Set: 0.3ms
[2018-05-03T00:59:03.845+0800][gc,phases     ] GC(10)   Other: 2.1ms
[2018-05-03T00:59:03.845+0800][gc,heap       ] GC(10) Eden regions: 44->0(47)
[2018-05-03T00:59:03.845+0800][gc,heap       ] GC(10) Survivor regions: 7->4(7)
[2018-05-03T00:59:03.845+0800][gc,heap       ] GC(10) Old regions: 22->27
[2018-05-03T00:59:03.845+0800][gc,heap       ] GC(10) Humongous regions: 129->129
[2018-05-03T00:59:03.845+0800][gc,metaspace  ] GC(10) Metaspace: 37371K->37371K(1085440K)
[2018-05-03T00:59:03.846+0800][gc            ] GC(10) Pause Young (G1 Evacuation Pause) 201M->159M(1024M) 11.394ms
[2018-05-03T00:59:03.846+0800][gc,cpu        ] GC(10) User=0.06s Sys=0.00s Real=0.01s
[2018-05-03T01:04:44.695+0800][gc,start      ] GC(11) Pause Young (G1 Evacuation Pause)
[2018-05-03T01:04:44.697+0800][gc,task       ] GC(11) Using 8 workers of 8 for evacuation
[2018-05-03T01:04:44.703+0800][gc,phases     ] GC(11)   Pre Evacuate Collection Set: 0.0ms
[2018-05-03T01:04:44.703+0800][gc,phases     ] GC(11)   Evacuate Collection Set: 5.3ms
[2018-05-03T01:04:44.703+0800][gc,phases     ] GC(11)   Post Evacuate Collection Set: 0.3ms
[2018-05-03T01:04:44.703+0800][gc,phases     ] GC(11)   Other: 2.4ms
[2018-05-03T01:04:44.703+0800][gc,heap       ] GC(11) Eden regions: 47->0(54)
[2018-05-03T01:04:44.703+0800][gc,heap       ] GC(11) Survivor regions: 4->3(7)
[2018-05-03T01:04:44.703+0800][gc,heap       ] GC(11) Old regions: 27->27
[2018-05-03T01:04:44.703+0800][gc,heap       ] GC(11) Humongous regions: 129->129
[2018-05-03T01:04:44.703+0800][gc,metaspace  ] GC(11) Metaspace: 37399K->37399K(1085440K)
[2018-05-03T01:04:44.703+0800][gc            ] GC(11) Pause Young (G1 Evacuation Pause) 206M->158M(1024M) 8.275ms
[2018-05-03T01:04:44.703+0800][gc,cpu        ] GC(11) User=0.04s Sys=0.00s Real=0.01s
[2018-05-03T01:11:23.409+0800][gc,start      ] GC(12) Pause Young (G1 Evacuation Pause)
[2018-05-03T01:11:23.411+0800][gc,task       ] GC(12) Using 8 workers of 8 for evacuation
[2018-05-03T01:11:23.426+0800][gc,phases     ] GC(12)   Pre Evacuate Collection Set: 2.3ms
[2018-05-03T01:11:23.426+0800][gc,phases     ] GC(12)   Evacuate Collection Set: 11.4ms
[2018-05-03T01:11:23.426+0800][gc,phases     ] GC(12)   Post Evacuate Collection Set: 0.4ms
[2018-05-03T01:11:23.426+0800][gc,phases     ] GC(12)   Other: 3.0ms
[2018-05-03T01:11:23.426+0800][gc,heap       ] GC(12) Eden regions: 54->0(53)
[2018-05-03T01:11:23.426+0800][gc,heap       ] GC(12) Survivor regions: 3->5(8)
[2018-05-03T01:11:23.426+0800][gc,heap       ] GC(12) Old regions: 27->27
[2018-05-03T01:11:23.426+0800][gc,heap       ] GC(12) Humongous regions: 129->129
[2018-05-03T01:11:23.426+0800][gc,metaspace  ] GC(12) Metaspace: 37545K->37545K(1085440K)
[2018-05-03T01:11:23.426+0800][gc            ] GC(12) Pause Young (G1 Evacuation Pause) 212M->159M(1024M) 17.178ms
[2018-05-03T01:11:23.426+0800][gc,cpu        ] GC(12) User=0.04s Sys=0.03s Real=0.02s
[2018-05-03T01:20:20.489+0800][gc,start      ] GC(13) Pause Young (G1 Evacuation Pause)
[2018-05-03T01:20:20.489+0800][gc,task       ] GC(13) Using 8 workers of 8 for evacuation
[2018-05-03T01:20:20.497+0800][gc,phases     ] GC(13)   Pre Evacuate Collection Set: 0.0ms
[2018-05-03T01:20:20.497+0800][gc,phases     ] GC(13)   Evacuate Collection Set: 6.8ms
[2018-05-03T01:20:20.497+0800][gc,phases     ] GC(13)   Post Evacuate Collection Set: 0.4ms
[2018-05-03T01:20:20.497+0800][gc,phases     ] GC(13)   Other: 0.2ms
[2018-05-03T01:20:20.497+0800][gc,heap       ] GC(13) Eden regions: 53->0(66)
[2018-05-03T01:20:20.497+0800][gc,heap       ] GC(13) Survivor regions: 5->5(8)
[2018-05-03T01:20:20.497+0800][gc,heap       ] GC(13) Old regions: 27->27
[2018-05-03T01:20:20.497+0800][gc,heap       ] GC(13) Humongous regions: 129->129
[2018-05-03T01:20:20.497+0800][gc,metaspace  ] GC(13) Metaspace: 37711K->37711K(1085440K)
[2018-05-03T01:20:20.497+0800][gc            ] GC(13) Pause Young (G1 Evacuation Pause) 212M->160M(1024M) 7.570ms
[2018-05-03T01:20:20.497+0800][gc,cpu        ] GC(13) User=0.04s Sys=0.01s Real=0.01s
[2018-05-03T01:31:38.941+0800][gc,start      ] GC(14) Pause Young (G1 Evacuation Pause)
[2018-05-03T01:31:38.941+0800][gc,task       ] GC(14) Using 8 workers of 8 for evacuation
[2018-05-03T01:31:38.947+0800][gc,phases     ] GC(14)   Pre Evacuate Collection Set: 0.0ms
[2018-05-03T01:31:38.947+0800][gc,phases     ] GC(14)   Evacuate Collection Set: 5.2ms
[2018-05-03T01:31:38.947+0800][gc,phases     ] GC(14)   Post Evacuate Collection Set: 0.4ms
[2018-05-03T01:31:38.947+0800][gc,phases     ] GC(14)   Other: 0.3ms
[2018-05-03T01:31:38.947+0800][gc,heap       ] GC(14) Eden regions: 66->0(77)
[2018-05-03T01:31:38.947+0800][gc,heap       ] GC(14) Survivor regions: 5->5(9)
[2018-05-03T01:31:38.947+0800][gc,heap       ] GC(14) Old regions: 27->27
[2018-05-03T01:31:38.947+0800][gc,heap       ] GC(14) Humongous regions: 129->129
[2018-05-03T01:31:38.947+0800][gc,metaspace  ] GC(14) Metaspace: 37754K->37754K(1085440K)
[2018-05-03T01:31:38.947+0800][gc            ] GC(14) Pause Young (G1 Evacuation Pause) 226M->160M(1024M) 6.031ms
[2018-05-03T01:31:38.947+0800][gc,cpu        ] GC(14) User=0.04s Sys=0.01s Real=0.00s
[2018-05-03T01:44:53.710+0800][gc,start      ] GC(15) Pause Young (G1 Evacuation Pause)
[2018-05-03T01:44:53.710+0800][gc,task       ] GC(15) Using 8 workers of 8 for evacuation
[2018-05-03T01:44:53.718+0800][gc,phases     ] GC(15)   Pre Evacuate Collection Set: 0.0ms
[2018-05-03T01:44:53.718+0800][gc,phases     ] GC(15)   Evacuate Collection Set: 7.6ms
[2018-05-03T01:44:53.718+0800][gc,phases     ] GC(15)   Post Evacuate Collection Set: 0.4ms
[2018-05-03T01:44:53.718+0800][gc,phases     ] GC(15)   Other: 0.3ms
[2018-05-03T01:44:53.718+0800][gc,heap       ] GC(15) Eden regions: 77->0(95)
[2018-05-03T01:44:53.718+0800][gc,heap       ] GC(15) Survivor regions: 5->5(11)
[2018-05-03T01:44:53.718+0800][gc,heap       ] GC(15) Old regions: 27->27
[2018-05-03T01:44:53.718+0800][gc,heap       ] GC(15) Humongous regions: 129->129
[2018-05-03T01:44:53.718+0800][gc,metaspace  ] GC(15) Metaspace: 37758K->37758K(1085440K)
[2018-05-03T01:44:53.718+0800][gc            ] GC(15) Pause Young (G1 Evacuation Pause) 237M->160M(1024M) 8.486ms
[2018-05-03T01:44:53.718+0800][gc,cpu        ] GC(15) User=0.06s Sys=0.01s Real=0.00s
[2018-05-03T02:01:05.237+0800][gc,start      ] GC(16) Pause Young (G1 Evacuation Pause)
[2018-05-03T02:01:05.237+0800][gc,task       ] GC(16) Using 8 workers of 8 for evacuation
[2018-05-03T02:01:05.245+0800][gc,phases     ] GC(16)   Pre Evacuate Collection Set: 0.0ms
[2018-05-03T02:01:05.245+0800][gc,phases     ] GC(16)   Evacuate Collection Set: 7.7ms
[2018-05-03T02:01:05.245+0800][gc,phases     ] GC(16)   Post Evacuate Collection Set: 0.4ms
[2018-05-03T02:01:05.245+0800][gc,phases     ] GC(16)   Other: 0.3ms
[2018-05-03T02:01:05.245+0800][gc,heap       ] GC(16) Eden regions: 95->0(106)
[2018-05-03T02:01:05.245+0800][gc,heap       ] GC(16) Survivor regions: 5->5(13)
[2018-05-03T02:01:05.245+0800][gc,heap       ] GC(16) Old regions: 27->27
[2018-05-03T02:01:05.245+0800][gc,heap       ] GC(16) Humongous regions: 129->129
[2018-05-03T02:01:05.245+0800][gc,metaspace  ] GC(16) Metaspace: 37804K->37804K(1085440K)
[2018-05-03T02:01:05.246+0800][gc            ] GC(16) Pause Young (G1 Evacuation Pause) 255M->160M(1024M) 8.737ms
[2018-05-03T02:01:05.246+0800][gc,cpu        ] GC(16) User=0.06s Sys=0.00s Real=0.01s
