[2018-05-02T23:32:12.680+0800][gc,heap] Heap region size: 1M
[2018-05-02T23:32:12.688+0800][gc     ] Using G1
[2018-05-02T23:32:12.688+0800][gc,heap,coops] Heap address: 0x00000007a0000000, size: 512 MB, Compressed Oops mode: Zero based, Oop shift amount: 3
[2018-05-02T23:33:56.114+0800][gc,start     ] GC(0) Pause Young (G1 Evacuation Pause)
[2018-05-02T23:33:56.117+0800][gc,task      ] GC(0) Using 8 workers of 8 for evacuation
[2018-05-02T23:33:56.127+0800][gc,phases    ] GC(0)   Pre Evacuate Collection Set: 0.1ms
[2018-05-02T23:33:56.127+0800][gc,phases    ] GC(0)   Evacuate Collection Set: 8.4ms
[2018-05-02T23:33:56.127+0800][gc,phases    ] GC(0)   Post Evacuate Collection Set: 1.6ms
[2018-05-02T23:33:56.127+0800][gc,phases    ] GC(0)   Other: 2.5ms
[2018-05-02T23:33:56.127+0800][gc,heap      ] GC(0) Eden regions: 25->0(21)
[2018-05-02T23:33:56.127+0800][gc,heap      ] GC(0) Survivor regions: 0->4(4)
[2018-05-02T23:33:56.127+0800][gc,heap      ] GC(0) Old regions: 0->3
[2018-05-02T23:33:56.127+0800][gc,heap      ] GC(0) Humongous regions: 0->0
[2018-05-02T23:33:56.127+0800][gc,metaspace ] GC(0) Metaspace: 14306K->14306K(1062912K)
[2018-05-02T23:33:56.127+0800][gc           ] GC(0) Pause Young (G1 Evacuation Pause) 25M->6M(512M) 12.701ms
[2018-05-02T23:33:56.127+0800][gc,cpu       ] GC(0) User=0.04s Sys=0.01s Real=0.01s
[2018-05-02T23:50:28.491+0800][gc,heap,exit ] Heap
[2018-05-02T23:50:28.493+0800][gc,heap,exit ]  garbage-first heap   total 524288K, used 10607K [0x00000007a0000000, 0x00000007a0101000, 0x00000007c0000000)
[2018-05-02T23:50:28.493+0800][gc,heap,exit ]   region size 1024K, 9 young (9216K), 4 survivors (4096K)
[2018-05-02T23:50:28.493+0800][gc,heap,exit ]  Metaspace       used 14593K, capacity 15068K, committed 15232K, reserved 1062912K
[2018-05-02T23:50:28.493+0800][gc,heap,exit ]   class space    used 1477K, capacity 1581K, committed 1664K, reserved 1048576K
