[2018-05-02T23:51:48.870+0800][gc,heap] Heap region size: 1M
[2018-05-02T23:51:48.878+0800][gc     ] Using G1
[2018-05-02T23:51:48.878+0800][gc,heap,coops] Heap address: 0x00000007a0000000, size: 512 MB, Compressed Oops mode: Zero based, Oop shift amount: 3
[2018-05-02T23:52:56.771+0800][gc,start     ] GC(0) Pause Young (G1 Evacuation Pause)
[2018-05-02T23:52:56.771+0800][gc,task      ] GC(0) Using 8 workers of 8 for evacuation
[2018-05-02T23:52:56.778+0800][gc,phases    ] GC(0)   Pre Evacuate Collection Set: 0.0ms
[2018-05-02T23:52:56.778+0800][gc,phases    ] GC(0)   Evacuate Collection Set: 5.0ms
[2018-05-02T23:52:56.778+0800][gc,phases    ] GC(0)   Post Evacuate Collection Set: 1.2ms
[2018-05-02T23:52:56.778+0800][gc,phases    ] GC(0)   Other: 0.2ms
[2018-05-02T23:52:56.778+0800][gc,heap      ] GC(0) Eden regions: 25->0(21)
[2018-05-02T23:52:56.778+0800][gc,heap      ] GC(0) Survivor regions: 0->4(4)
[2018-05-02T23:52:56.778+0800][gc,heap      ] GC(0) Old regions: 0->3
[2018-05-02T23:52:56.778+0800][gc,heap      ] GC(0) Humongous regions: 0->0
[2018-05-02T23:52:56.778+0800][gc,metaspace ] GC(0) Metaspace: 14212K->14212K(1062912K)
[2018-05-02T23:52:56.778+0800][gc           ] GC(0) Pause Young (G1 Evacuation Pause) 25M->6M(512M) 6.511ms
[2018-05-02T23:52:56.778+0800][gc,cpu       ] GC(0) User=0.03s Sys=0.00s Real=0.00s
[2018-05-03T01:11:00.301+0800][gc,heap,exit ] Heap
[2018-05-03T01:11:00.301+0800][gc,heap,exit ]  garbage-first heap   total 524288K, used 27393K [0x00000007a0000000, 0x00000007a0101000, 0x00000007c0000000)
[2018-05-03T01:11:00.301+0800][gc,heap,exit ]   region size 1024K, 25 young (25600K), 4 survivors (4096K)
[2018-05-03T01:11:00.301+0800][gc,heap,exit ]  Metaspace       used 14733K, capacity 15228K, committed 15488K, reserved 1062912K
[2018-05-03T01:11:00.301+0800][gc,heap,exit ]   class space    used 1485K, capacity 1613K, committed 1664K, reserved 1048576K
